// Jest Snapshot v1, https://goo.gl/fbAQLP

exports[`should render MAccordion story 1`] = `
Object {
  "asFragment": [Function],
  "baseElement": <body>
    <div>
      <div
        class="MuiPaper-root MuiPaper-elevation MuiPaper-rounded MuiPaper-elevation1 MuiAccordion-root MuiAccordion-rounded css-nr5z1c-MuiPaper-root-MuiAccordion-root"
      >
        <div
          aria-expanded="false"
          class="MuiButtonBase-root MuiAccordionSummary-root css-8e8s2s-MuiButtonBase-root-MuiAccordionSummary-root"
          role="button"
          tabindex="0"
        >
          <div
            class="MuiAccordionSummary-content css-1betqn-MuiAccordionSummary-content"
          />
        </div>
        <div
          class="MuiCollapse-root MuiCollapse-vertical MuiCollapse-hidden css-bz4dnt-MuiCollapse-root"
          style="min-height: 0px;"
        >
          <div
            class="MuiCollapse-wrapper MuiCollapse-vertical css-smkl36-MuiCollapse-wrapper"
          >
            <div
              class="MuiCollapse-wrapperInner MuiCollapse-vertical css-9l5vo-MuiCollapse-wrapperInner"
            >
              <div
                class="MuiAccordion-region"
                role="region"
              >
                <div
                  class="MuiAccordionDetails-root css-7wcoc8-MuiAccordionDetails-root"
                >
                  <div
                    class="MuiBox-root css-lvvxb2"
                  >
                    Drawer Content
                  </div>
                </div>
              </div>
            </div>
          </div>
        </div>
      </div>
    </div>
  </body>,
  "container": <div>
    <div
      class="MuiPaper-root MuiPaper-elevation MuiPaper-rounded MuiPaper-elevation1 MuiAccordion-root MuiAccordion-rounded css-nr5z1c-MuiPaper-root-MuiAccordion-root"
    >
      <div
        aria-expanded="false"
        class="MuiButtonBase-root MuiAccordionSummary-root css-8e8s2s-MuiButtonBase-root-MuiAccordionSummary-root"
        role="button"
        tabindex="0"
      >
        <div
          class="MuiAccordionSummary-content css-1betqn-MuiAccordionSummary-content"
        />
      </div>
      <div
        class="MuiCollapse-root MuiCollapse-vertical MuiCollapse-hidden css-bz4dnt-MuiCollapse-root"
        style="min-height: 0px;"
      >
        <div
          class="MuiCollapse-wrapper MuiCollapse-vertical css-smkl36-MuiCollapse-wrapper"
        >
          <div
            class="MuiCollapse-wrapperInner MuiCollapse-vertical css-9l5vo-MuiCollapse-wrapperInner"
          >
            <div
              class="MuiAccordion-region"
              role="region"
            >
              <div
                class="MuiAccordionDetails-root css-7wcoc8-MuiAccordionDetails-root"
              >
                <div
                  class="MuiBox-root css-lvvxb2"
                >
                  Drawer Content
                </div>
              </div>
            </div>
          </div>
        </div>
      </div>
    </div>
  </div>,
  "debug": [Function],
  "findAllByAltText": [Function],
  "findAllByDisplayValue": [Function],
  "findAllByLabelText": [Function],
  "findAllByPlaceholderText": [Function],
  "findAllByRole": [Function],
  "findAllByTestId": [Function],
  "findAllByText": [Function],
  "findAllByTitle": [Function],
  "findByAltText": [Function],
  "findByDisplayValue": [Function],
  "findByLabelText": [Function],
  "findByPlaceholderText": [Function],
  "findByRole": [Function],
  "findByTestId": [Function],
  "findByText": [Function],
  "findByTitle": [Function],
  "getAllByAltText": [Function],
  "getAllByDisplayValue": [Function],
  "getAllByLabelText": [Function],
  "getAllByPlaceholderText": [Function],
  "getAllByRole": [Function],
  "getAllByTestId": [Function],
  "getAllByText": [Function],
  "getAllByTitle": [Function],
  "getByAltText": [Function],
  "getByDisplayValue": [Function],
  "getByLabelText": [Function],
  "getByPlaceholderText": [Function],
  "getByRole": [Function],
  "getByTestId": [Function],
  "getByText": [Function],
  "getByTitle": [Function],
  "queryAllByAltText": [Function],
  "queryAllByDisplayValue": [Function],
  "queryAllByLabelText": [Function],
  "queryAllByPlaceholderText": [Function],
  "queryAllByRole": [Function],
  "queryAllByTestId": [Function],
  "queryAllByText": [Function],
  "queryAllByTitle": [Function],
  "queryByAltText": [Function],
  "queryByDisplayValue": [Function],
  "queryByLabelText": [Function],
  "queryByPlaceholderText": [Function],
  "queryByRole": [Function],
  "queryByTestId": [Function],
  "queryByText": [Function],
  "queryByTitle": [Function],
  "rerender": [Function],
  "unmount": [Function],
}
`;
